Vivado Simulator v2023.1
Copyright 1986-2022 Xilinx, Inc. All Rights Reserved.
Copyright 2022-2023 Advanced Micro Devices, Inc. All Rights Reserved.
Running: C:/Xilinx/Vivado/2023.1/Vivado/2023.1/bin/unwrapped/win64.o/xelab.exe --incr --debug typical --relax --mt 2 -L xil_defaultlib -L uvm -L unisims_ver -L unimacro_ver -L secureip --snapshot identity_matric_tb_behav xil_defaultlib.identity_matric_tb xil_defaultlib.glbl -log elaborate.log 
Using 2 slave threads.
Starting static elaboration
Pass Through NonSizing Optimizer
Completed static elaboration
Starting simulation data flow analysis
WARNING: [XSIM 43-4099] "C:/Dev-Cpp/New folder/GitHub/alphaevolve_matrix_multiplier/src/top.sv" Line 1. Module top_default doesn't have a timescale but at least one module in design has a timescale.
WARNING: [XSIM 43-4099] "C:/Dev-Cpp/New folder/GitHub/alphaevolve_matrix_multiplier/src/operand_tree_A.sv" Line 1. Module operand_tree_a doesn't have a timescale but at least one module in design has a timescale.
WARNING: [XSIM 43-4099] "C:/Dev-Cpp/New folder/GitHub/alphaevolve_matrix_multiplier/src/operand_tree_B.sv" Line 1. Module operand_tree_b doesn't have a timescale but at least one module in design has a timescale.
WARNING: [XSIM 43-4099] "C:/Dev-Cpp/New folder/GitHub/alphaevolve_matrix_multiplier/src/multiplier_array.sv" Line 1. Module multiplier_array_default doesn't have a timescale but at least one module in design has a timescale.
WARNING: [XSIM 43-4099] "C:/Dev-Cpp/New folder/GitHub/alphaevolve_matrix_multiplier/src/complex_multiplier.sv" Line 1. Module complex_multiplier(W=22) doesn't have a timescale but at least one module in design has a timescale.
WARNING: [XSIM 43-4099] "C:/Dev-Cpp/New folder/GitHub/alphaevolve_matrix_multiplier/src/complex_multiplier.sv" Line 1. Module complex_multiplier(W=22) doesn't have a timescale but at least one module in design has a timescale.
WARNING: [XSIM 43-4099] "C:/Dev-Cpp/New folder/GitHub/alphaevolve_matrix_multiplier/src/complex_multiplier.sv" Line 1. Module complex_multiplier(W=22) doesn't have a timescale but at least one module in design has a timescale.
WARNING: [XSIM 43-4099] "C:/Dev-Cpp/New folder/GitHub/alphaevolve_matrix_multiplier/src/complex_multiplier.sv" Line 1. Module complex_multiplier(W=22) doesn't have a timescale but at least one module in design has a timescale.
WARNING: [XSIM 43-4099] "C:/Dev-Cpp/New folder/GitHub/alphaevolve_matrix_multiplier/src/complex_multiplier.sv" Line 1. Module complex_multiplier(W=22) doesn't have a timescale but at least one module in design has a timescale.
WARNING: [XSIM 43-4099] "C:/Dev-Cpp/New folder/GitHub/alphaevolve_matrix_multiplier/src/complex_multiplier.sv" Line 1. Module complex_multiplier(W=22) doesn't have a timescale but at least one module in design has a timescale.
WARNING: [XSIM 43-4099] "C:/Dev-Cpp/New folder/GitHub/alphaevolve_matrix_multiplier/src/complex_multiplier.sv" Line 1. Module complex_multiplier(W=22) doesn't have a timescale but at least one module in design has a timescale.
WARNING: [XSIM 43-4099] "C:/Dev-Cpp/New folder/GitHub/alphaevolve_matrix_multiplier/src/complex_multiplier.sv" Line 1. Module complex_multiplier(W=22) doesn't have a timescale but at least one module in design has a timescale.
WARNING: [XSIM 43-4099] "C:/Dev-Cpp/New folder/GitHub/alphaevolve_matrix_multiplier/src/complex_multiplier.sv" Line 1. Module complex_multiplier(W=22) doesn't have a timescale but at least one module in design has a timescale.
WARNING: [XSIM 43-4099] "C:/Dev-Cpp/New folder/GitHub/alphaevolve_matrix_multiplier/src/complex_multiplier.sv" Line 1. Module complex_multiplier(W=22) doesn't have a timescale but at least one module in design has a timescale.
WARNING: [XSIM 43-4099] "C:/Dev-Cpp/New folder/GitHub/alphaevolve_matrix_multiplier/src/complex_multiplier.sv" Line 1. Module complex_multiplier(W=22) doesn't have a timescale but at least one module in design has a timescale.
WARNING: [XSIM 43-4099] "C:/Dev-Cpp/New folder/GitHub/alphaevolve_matrix_multiplier/src/complex_multiplier.sv" Line 1. Module complex_multiplier(W=22) doesn't have a timescale but at least one module in design has a timescale.
WARNING: [XSIM 43-4099] "C:/Dev-Cpp/New folder/GitHub/alphaevolve_matrix_multiplier/src/complex_multiplier.sv" Line 1. Module complex_multiplier(W=22) doesn't have a timescale but at least one module in design has a timescale.
WARNING: [XSIM 43-4099] "C:/Dev-Cpp/New folder/GitHub/alphaevolve_matrix_multiplier/src/complex_multiplier.sv" Line 1. Module complex_multiplier(W=22) doesn't have a timescale but at least one module in design has a timescale.
WARNING: [XSIM 43-4099] "C:/Dev-Cpp/New folder/GitHub/alphaevolve_matrix_multiplier/src/complex_multiplier.sv" Line 1. Module complex_multiplier(W=22) doesn't have a timescale but at least one module in design has a timescale.
WARNING: [XSIM 43-4099] "C:/Dev-Cpp/New folder/GitHub/alphaevolve_matrix_multiplier/src/complex_multiplier.sv" Line 1. Module complex_multiplier(W=22) doesn't have a timescale but at least one module in design has a timescale.
WARNING: [XSIM 43-4099] "C:/Dev-Cpp/New folder/GitHub/alphaevolve_matrix_multiplier/src/complex_multiplier.sv" Line 1. Module complex_multiplier(W=22) doesn't have a timescale but at least one module in design has a timescale.
WARNING: [XSIM 43-4099] "C:/Dev-Cpp/New folder/GitHub/alphaevolve_matrix_multiplier/src/complex_multiplier.sv" Line 1. Module complex_multiplier(W=22) doesn't have a timescale but at least one module in design has a timescale.
WARNING: [XSIM 43-4099] "C:/Dev-Cpp/New folder/GitHub/alphaevolve_matrix_multiplier/src/complex_multiplier.sv" Line 1. Module complex_multiplier(W=22) doesn't have a timescale but at least one module in design has a timescale.
WARNING: [XSIM 43-4099] "C:/Dev-Cpp/New folder/GitHub/alphaevolve_matrix_multiplier/src/complex_multiplier.sv" Line 1. Module complex_multiplier(W=22) doesn't have a timescale but at least one module in design has a timescale.
WARNING: [XSIM 43-4099] "C:/Dev-Cpp/New folder/GitHub/alphaevolve_matrix_multiplier/src/complex_multiplier.sv" Line 1. Module complex_multiplier(W=22) doesn't have a timescale but at least one module in design has a timescale.
WARNING: [XSIM 43-4099] "C:/Dev-Cpp/New folder/GitHub/alphaevolve_matrix_multiplier/src/complex_multiplier.sv" Line 1. Module complex_multiplier(W=22) doesn't have a timescale but at least one module in design has a timescale.
WARNING: [XSIM 43-4099] "C:/Dev-Cpp/New folder/GitHub/alphaevolve_matrix_multiplier/src/complex_multiplier.sv" Line 1. Module complex_multiplier(W=22) doesn't have a timescale but at least one module in design has a timescale.
WARNING: [XSIM 43-4099] "C:/Dev-Cpp/New folder/GitHub/alphaevolve_matrix_multiplier/src/complex_multiplier.sv" Line 1. Module complex_multiplier(W=22) doesn't have a timescale but at least one module in design has a timescale.
WARNING: [XSIM 43-4099] "C:/Dev-Cpp/New folder/GitHub/alphaevolve_matrix_multiplier/src/complex_multiplier.sv" Line 1. Module complex_multiplier(W=22) doesn't have a timescale but at least one module in design has a timescale.
WARNING: [XSIM 43-4099] "C:/Dev-Cpp/New folder/GitHub/alphaevolve_matrix_multiplier/src/complex_multiplier.sv" Line 1. Module complex_multiplier(W=22) doesn't have a timescale but at least one module in design has a timescale.
WARNING: [XSIM 43-4099] "C:/Dev-Cpp/New folder/GitHub/alphaevolve_matrix_multiplier/src/complex_multiplier.sv" Line 1. Module complex_multiplier(W=22) doesn't have a timescale but at least one module in design has a timescale.
WARNING: [XSIM 43-4099] "C:/Dev-Cpp/New folder/GitHub/alphaevolve_matrix_multiplier/src/complex_multiplier.sv" Line 1. Module complex_multiplier(W=22) doesn't have a timescale but at least one module in design has a timescale.
WARNING: [XSIM 43-4099] "C:/Dev-Cpp/New folder/GitHub/alphaevolve_matrix_multiplier/src/complex_multiplier.sv" Line 1. Module complex_multiplier(W=22) doesn't have a timescale but at least one module in design has a timescale.
WARNING: [XSIM 43-4099] "C:/Dev-Cpp/New folder/GitHub/alphaevolve_matrix_multiplier/src/complex_multiplier.sv" Line 1. Module complex_multiplier(W=22) doesn't have a timescale but at least one module in design has a timescale.
WARNING: [XSIM 43-4099] "C:/Dev-Cpp/New folder/GitHub/alphaevolve_matrix_multiplier/src/complex_multiplier.sv" Line 1. Module complex_multiplier(W=22) doesn't have a timescale but at least one module in design has a timescale.
WARNING: [XSIM 43-4099] "C:/Dev-Cpp/New folder/GitHub/alphaevolve_matrix_multiplier/src/complex_multiplier.sv" Line 1. Module complex_multiplier(W=22) doesn't have a timescale but at least one module in design has a timescale.
WARNING: [XSIM 43-4099] "C:/Dev-Cpp/New folder/GitHub/alphaevolve_matrix_multiplier/src/complex_multiplier.sv" Line 1. Module complex_multiplier(W=22) doesn't have a timescale but at least one module in design has a timescale.
WARNING: [XSIM 43-4099] "C:/Dev-Cpp/New folder/GitHub/alphaevolve_matrix_multiplier/src/complex_multiplier.sv" Line 1. Module complex_multiplier(W=22) doesn't have a timescale but at least one module in design has a timescale.
WARNING: [XSIM 43-4099] "C:/Dev-Cpp/New folder/GitHub/alphaevolve_matrix_multiplier/src/complex_multiplier.sv" Line 1. Module complex_multiplier(W=22) doesn't have a timescale but at least one module in design has a timescale.
WARNING: [XSIM 43-4099] "C:/Dev-Cpp/New folder/GitHub/alphaevolve_matrix_multiplier/src/complex_multiplier.sv" Line 1. Module complex_multiplier(W=22) doesn't have a timescale but at least one module in design has a timescale.
WARNING: [XSIM 43-4099] "C:/Dev-Cpp/New folder/GitHub/alphaevolve_matrix_multiplier/src/complex_multiplier.sv" Line 1. Module complex_multiplier(W=22) doesn't have a timescale but at least one module in design has a timescale.
WARNING: [XSIM 43-4099] "C:/Dev-Cpp/New folder/GitHub/alphaevolve_matrix_multiplier/src/complex_multiplier.sv" Line 1. Module complex_multiplier(W=22) doesn't have a timescale but at least one module in design has a timescale.
WARNING: [XSIM 43-4099] "C:/Dev-Cpp/New folder/GitHub/alphaevolve_matrix_multiplier/src/complex_multiplier.sv" Line 1. Module complex_multiplier(W=22) doesn't have a timescale but at least one module in design has a timescale.
WARNING: [XSIM 43-4099] "C:/Dev-Cpp/New folder/GitHub/alphaevolve_matrix_multiplier/src/complex_multiplier.sv" Line 1. Module complex_multiplier(W=22) doesn't have a timescale but at least one module in design has a timescale.
WARNING: [XSIM 43-4099] "C:/Dev-Cpp/New folder/GitHub/alphaevolve_matrix_multiplier/src/complex_multiplier.sv" Line 1. Module complex_multiplier(W=22) doesn't have a timescale but at least one module in design has a timescale.
WARNING: [XSIM 43-4099] "C:/Dev-Cpp/New folder/GitHub/alphaevolve_matrix_multiplier/src/complex_multiplier.sv" Line 1. Module complex_multiplier(W=22) doesn't have a timescale but at least one module in design has a timescale.
WARNING: [XSIM 43-4099] "C:/Dev-Cpp/New folder/GitHub/alphaevolve_matrix_multiplier/src/complex_multiplier.sv" Line 1. Module complex_multiplier(W=22) doesn't have a timescale but at least one module in design has a timescale.
WARNING: [XSIM 43-4099] "C:/Dev-Cpp/New folder/GitHub/alphaevolve_matrix_multiplier/src/complex_multiplier.sv" Line 1. Module complex_multiplier(W=22) doesn't have a timescale but at least one module in design has a timescale.
WARNING: [XSIM 43-4099] "C:/Dev-Cpp/New folder/GitHub/alphaevolve_matrix_multiplier/src/complex_multiplier.sv" Line 1. Module complex_multiplier(W=22) doesn't have a timescale but at least one module in design has a timescale.
WARNING: [XSIM 43-4099] "C:/Dev-Cpp/New folder/GitHub/alphaevolve_matrix_multiplier/src/complex_multiplier.sv" Line 1. Module complex_multiplier(W=22) doesn't have a timescale but at least one module in design has a timescale.
WARNING: [XSIM 43-4099] "C:/Dev-Cpp/New folder/GitHub/alphaevolve_matrix_multiplier/src/complex_multiplier.sv" Line 1. Module complex_multiplier(W=22) doesn't have a timescale but at least one module in design has a timescale.
WARNING: [XSIM 43-4099] "C:/Dev-Cpp/New folder/GitHub/alphaevolve_matrix_multiplier/src/complex_multiplier.sv" Line 1. Module complex_multiplier(W=22) doesn't have a timescale but at least one module in design has a timescale.
WARNING: [XSIM 43-4099] "C:/Dev-Cpp/New folder/GitHub/alphaevolve_matrix_multiplier/src/output_tree.sv" Line 1. Module output_tree doesn't have a timescale but at least one module in design has a timescale.
WARNING: [XSIM 43-4099] "C:/Dev-Cpp/New folder/GitHub/alphaevolve_matrix_multiplier/src/scale_div8.sv" Line 1. Module scale_div8(W=47) doesn't have a timescale but at least one module in design has a timescale.
WARNING: [XSIM 43-4099] "C:/Dev-Cpp/New folder/GitHub/alphaevolve_matrix_multiplier/src/scale_div8.sv" Line 1. Module scale_div8(W=47) doesn't have a timescale but at least one module in design has a timescale.
WARNING: [XSIM 43-4099] "C:/Dev-Cpp/New folder/GitHub/alphaevolve_matrix_multiplier/src/scale_div8.sv" Line 1. Module scale_div8(W=47) doesn't have a timescale but at least one module in design has a timescale.
WARNING: [XSIM 43-4099] "C:/Dev-Cpp/New folder/GitHub/alphaevolve_matrix_multiplier/src/scale_div8.sv" Line 1. Module scale_div8(W=47) doesn't have a timescale but at least one module in design has a timescale.
WARNING: [XSIM 43-4099] "C:/Dev-Cpp/New folder/GitHub/alphaevolve_matrix_multiplier/src/scale_div8.sv" Line 1. Module scale_div8(W=47) doesn't have a timescale but at least one module in design has a timescale.
WARNING: [XSIM 43-4099] "C:/Dev-Cpp/New folder/GitHub/alphaevolve_matrix_multiplier/src/scale_div8.sv" Line 1. Module scale_div8(W=47) doesn't have a timescale but at least one module in design has a timescale.
WARNING: [XSIM 43-4099] "C:/Dev-Cpp/New folder/GitHub/alphaevolve_matrix_multiplier/src/scale_div8.sv" Line 1. Module scale_div8(W=47) doesn't have a timescale but at least one module in design has a timescale.
WARNING: [XSIM 43-4099] "C:/Dev-Cpp/New folder/GitHub/alphaevolve_matrix_multiplier/src/scale_div8.sv" Line 1. Module scale_div8(W=47) doesn't have a timescale but at least one module in design has a timescale.
WARNING: [XSIM 43-4099] "C:/Dev-Cpp/New folder/GitHub/alphaevolve_matrix_multiplier/src/scale_div8.sv" Line 1. Module scale_div8(W=47) doesn't have a timescale but at least one module in design has a timescale.
WARNING: [XSIM 43-4099] "C:/Dev-Cpp/New folder/GitHub/alphaevolve_matrix_multiplier/src/scale_div8.sv" Line 1. Module scale_div8(W=47) doesn't have a timescale but at least one module in design has a timescale.
WARNING: [XSIM 43-4099] "C:/Dev-Cpp/New folder/GitHub/alphaevolve_matrix_multiplier/src/scale_div8.sv" Line 1. Module scale_div8(W=47) doesn't have a timescale but at least one module in design has a timescale.
WARNING: [XSIM 43-4099] "C:/Dev-Cpp/New folder/GitHub/alphaevolve_matrix_multiplier/src/scale_div8.sv" Line 1. Module scale_div8(W=47) doesn't have a timescale but at least one module in design has a timescale.
WARNING: [XSIM 43-4099] "C:/Dev-Cpp/New folder/GitHub/alphaevolve_matrix_multiplier/src/scale_div8.sv" Line 1. Module scale_div8(W=47) doesn't have a timescale but at least one module in design has a timescale.
WARNING: [XSIM 43-4099] "C:/Dev-Cpp/New folder/GitHub/alphaevolve_matrix_multiplier/src/scale_div8.sv" Line 1. Module scale_div8(W=47) doesn't have a timescale but at least one module in design has a timescale.
WARNING: [XSIM 43-4099] "C:/Dev-Cpp/New folder/GitHub/alphaevolve_matrix_multiplier/src/scale_div8.sv" Line 1. Module scale_div8(W=47) doesn't have a timescale but at least one module in design has a timescale.
WARNING: [XSIM 43-4099] "C:/Dev-Cpp/New folder/GitHub/alphaevolve_matrix_multiplier/src/scale_div8.sv" Line 1. Module scale_div8(W=47) doesn't have a timescale but at least one module in design has a timescale.
WARNING: [XSIM 43-4099] "C:/Dev-Cpp/New folder/GitHub/alphaevolve_matrix_multiplier/src/top.sv" Line 1. Module top_default doesn't have a timescale but at least one module in design has a timescale.
WARNING: [XSIM 43-4099] "C:/Dev-Cpp/New folder/GitHub/alphaevolve_matrix_multiplier/src/operand_tree_A.sv" Line 1. Module operand_tree_a doesn't have a timescale but at least one module in design has a timescale.
WARNING: [XSIM 43-4099] "C:/Dev-Cpp/New folder/GitHub/alphaevolve_matrix_multiplier/src/operand_tree_B.sv" Line 1. Module operand_tree_b doesn't have a timescale but at least one module in design has a timescale.
WARNING: [XSIM 43-4099] "C:/Dev-Cpp/New folder/GitHub/alphaevolve_matrix_multiplier/src/multiplier_array.sv" Line 1. Module multiplier_array_default doesn't have a timescale but at least one module in design has a timescale.
WARNING: [XSIM 43-4099] "C:/Dev-Cpp/New folder/GitHub/alphaevolve_matrix_multiplier/src/complex_multiplier.sv" Line 1. Module complex_multiplier(W=22) doesn't have a timescale but at least one module in design has a timescale.
WARNING: [XSIM 43-4099] "C:/Dev-Cpp/New folder/GitHub/alphaevolve_matrix_multiplier/src/complex_multiplier.sv" Line 1. Module complex_multiplier(W=22) doesn't have a timescale but at least one module in design has a timescale.
WARNING: [XSIM 43-4099] "C:/Dev-Cpp/New folder/GitHub/alphaevolve_matrix_multiplier/src/complex_multiplier.sv" Line 1. Module complex_multiplier(W=22) doesn't have a timescale but at least one module in design has a timescale.
WARNING: [XSIM 43-4099] "C:/Dev-Cpp/New folder/GitHub/alphaevolve_matrix_multiplier/src/complex_multiplier.sv" Line 1. Module complex_multiplier(W=22) doesn't have a timescale but at least one module in design has a timescale.
WARNING: [XSIM 43-4099] "C:/Dev-Cpp/New folder/GitHub/alphaevolve_matrix_multiplier/src/complex_multiplier.sv" Line 1. Module complex_multiplier(W=22) doesn't have a timescale but at least one module in design has a timescale.
WARNING: [XSIM 43-4099] "C:/Dev-Cpp/New folder/GitHub/alphaevolve_matrix_multiplier/src/complex_multiplier.sv" Line 1. Module complex_multiplier(W=22) doesn't have a timescale but at least one module in design has a timescale.
WARNING: [XSIM 43-4099] "C:/Dev-Cpp/New folder/GitHub/alphaevolve_matrix_multiplier/src/complex_multiplier.sv" Line 1. Module complex_multiplier(W=22) doesn't have a timescale but at least one module in design has a timescale.
WARNING: [XSIM 43-4099] "C:/Dev-Cpp/New folder/GitHub/alphaevolve_matrix_multiplier/src/complex_multiplier.sv" Line 1. Module complex_multiplier(W=22) doesn't have a timescale but at least one module in design has a timescale.
WARNING: [XSIM 43-4099] "C:/Dev-Cpp/New folder/GitHub/alphaevolve_matrix_multiplier/src/complex_multiplier.sv" Line 1. Module complex_multiplier(W=22) doesn't have a timescale but at least one module in design has a timescale.
WARNING: [XSIM 43-4099] "C:/Dev-Cpp/New folder/GitHub/alphaevolve_matrix_multiplier/src/complex_multiplier.sv" Line 1. Module complex_multiplier(W=22) doesn't have a timescale but at least one module in design has a timescale.
WARNING: [XSIM 43-4099] "C:/Dev-Cpp/New folder/GitHub/alphaevolve_matrix_multiplier/src/complex_multiplier.sv" Line 1. Module complex_multiplier(W=22) doesn't have a timescale but at least one module in design has a timescale.
WARNING: [XSIM 43-4099] "C:/Dev-Cpp/New folder/GitHub/alphaevolve_matrix_multiplier/src/complex_multiplier.sv" Line 1. Module complex_multiplier(W=22) doesn't have a timescale but at least one module in design has a timescale.
WARNING: [XSIM 43-4099] "C:/Dev-Cpp/New folder/GitHub/alphaevolve_matrix_multiplier/src/complex_multiplier.sv" Line 1. Module complex_multiplier(W=22) doesn't have a timescale but at least one module in design has a timescale.
WARNING: [XSIM 43-4099] "C:/Dev-Cpp/New folder/GitHub/alphaevolve_matrix_multiplier/src/complex_multiplier.sv" Line 1. Module complex_multiplier(W=22) doesn't have a timescale but at least one module in design has a timescale.
WARNING: [XSIM 43-4099] "C:/Dev-Cpp/New folder/GitHub/alphaevolve_matrix_multiplier/src/complex_multiplier.sv" Line 1. Module complex_multiplier(W=22) doesn't have a timescale but at least one module in design has a timescale.
WARNING: [XSIM 43-4099] "C:/Dev-Cpp/New folder/GitHub/alphaevolve_matrix_multiplier/src/complex_multiplier.sv" Line 1. Module complex_multiplier(W=22) doesn't have a timescale but at least one module in design has a timescale.
WARNING: [XSIM 43-4099] "C:/Dev-Cpp/New folder/GitHub/alphaevolve_matrix_multiplier/src/complex_multiplier.sv" Line 1. Module complex_multiplier(W=22) doesn't have a timescale but at least one module in design has a timescale.
WARNING: [XSIM 43-4099] "C:/Dev-Cpp/New folder/GitHub/alphaevolve_matrix_multiplier/src/complex_multiplier.sv" Line 1. Module complex_multiplier(W=22) doesn't have a timescale but at least one module in design has a timescale.
WARNING: [XSIM 43-4099] "C:/Dev-Cpp/New folder/GitHub/alphaevolve_matrix_multiplier/src/complex_multiplier.sv" Line 1. Module complex_multiplier(W=22) doesn't have a timescale but at least one module in design has a timescale.
WARNING: [XSIM 43-4099] "C:/Dev-Cpp/New folder/GitHub/alphaevolve_matrix_multiplier/src/complex_multiplier.sv" Line 1. Module complex_multiplier(W=22) doesn't have a timescale but at least one module in design has a timescale.
WARNING: [XSIM 43-4099] "C:/Dev-Cpp/New folder/GitHub/alphaevolve_matrix_multiplier/src/complex_multiplier.sv" Line 1. Module complex_multiplier(W=22) doesn't have a timescale but at least one module in design has a timescale.
WARNING: [XSIM 43-4099] "C:/Dev-Cpp/New folder/GitHub/alphaevolve_matrix_multiplier/src/complex_multiplier.sv" Line 1. Module complex_multiplier(W=22) doesn't have a timescale but at least one module in design has a timescale.
WARNING: [XSIM 43-4099] "C:/Dev-Cpp/New folder/GitHub/alphaevolve_matrix_multiplier/src/complex_multiplier.sv" Line 1. Module complex_multiplier(W=22) doesn't have a timescale but at least one module in design has a timescale.
WARNING: [XSIM 43-4099] "C:/Dev-Cpp/New folder/GitHub/alphaevolve_matrix_multiplier/src/complex_multiplier.sv" Line 1. Module complex_multiplier(W=22) doesn't have a timescale but at least one module in design has a timescale.
WARNING: [XSIM 43-4099] "C:/Dev-Cpp/New folder/GitHub/alphaevolve_matrix_multiplier/src/complex_multiplier.sv" Line 1. Module complex_multiplier(W=22) doesn't have a timescale but at least one module in design has a timescale.
WARNING: [XSIM 43-4099] "C:/Dev-Cpp/New folder/GitHub/alphaevolve_matrix_multiplier/src/complex_multiplier.sv" Line 1. Module complex_multiplier(W=22) doesn't have a timescale but at least one module in design has a timescale.
WARNING: [XSIM 43-4099] "C:/Dev-Cpp/New folder/GitHub/alphaevolve_matrix_multiplier/src/complex_multiplier.sv" Line 1. Module complex_multiplier(W=22) doesn't have a timescale but at least one module in design has a timescale.
INFO: [Common 17-14] Message 'XSIM 43-4099' appears 100 times and further instances of the messages will be disabled. Use the Tcl command set_msg_config to change the current settings.
Completed simulation data flow analysis
Time Resolution for simulation is 1ps
Compiling module xil_defaultlib.operand_tree_a
Compiling module xil_defaultlib.operand_tree_b
Compiling module xil_defaultlib.complex_multiplier(W=22)
Compiling module xil_defaultlib.multiplier_array_default
Compiling module xil_defaultlib.output_tree
Compiling module xil_defaultlib.scale_div8(W=47)
Compiling module xil_defaultlib.top_default
Compiling module xil_defaultlib.identity_matric_tb
Compiling module xil_defaultlib.glbl
Built simulation snapshot identity_matric_tb_behav
